mode: set
nexus-video-games/internal/repository/postgresql/balance_repository.go:17.59,19.2 1 1
nexus-video-games/internal/repository/postgresql/balance_repository.go:21.92,23.2 1 0
nexus-video-games/internal/repository/postgresql/balance_repository.go:25.110,28.16 3 1
nexus-video-games/internal/repository/postgresql/balance_repository.go:28.16,30.3 1 1
nexus-video-games/internal/repository/postgresql/balance_repository.go:31.2,31.22 1 1
nexus-video-games/internal/repository/postgresql/balance_repository.go:34.112,36.15 2 1
nexus-video-games/internal/repository/postgresql/balance_repository.go:36.15,38.3 1 1
nexus-video-games/internal/repository/postgresql/balance_repository.go:40.2,42.66 2 1
nexus-video-games/internal/repository/postgresql/balance_repository.go:42.66,44.3 1 0
nexus-video-games/internal/repository/postgresql/balance_repository.go:46.2,48.74 1 1
nexus-video-games/internal/repository/postgresql/balance_repository.go:51.115,53.15 2 0
nexus-video-games/internal/repository/postgresql/balance_repository.go:53.15,55.3 1 0
nexus-video-games/internal/repository/postgresql/balance_repository.go:57.2,61.25 2 0
nexus-video-games/internal/repository/postgresql/balance_repository.go:61.25,63.3 1 0
nexus-video-games/internal/repository/postgresql/balance_repository.go:64.2,64.30 1 0
nexus-video-games/internal/repository/postgresql/balance_repository.go:64.30,66.3 1 0
nexus-video-games/internal/repository/postgresql/balance_repository.go:67.2,67.12 1 0
nexus-video-games/internal/repository/postgresql/game_repository.go:17.53,19.2 1 0
nexus-video-games/internal/repository/postgresql/game_repository.go:22.96,27.2 1 0
nexus-video-games/internal/repository/postgresql/game_repository.go:29.99,33.2 3 0
nexus-video-games/internal/repository/postgresql/game_repository.go:35.112,38.16 3 0
nexus-video-games/internal/repository/postgresql/game_repository.go:38.16,40.3 1 0
nexus-video-games/internal/repository/postgresql/game_repository.go:41.2,41.19 1 0
nexus-video-games/internal/repository/postgresql/game_repository.go:44.104,46.15 2 0
nexus-video-games/internal/repository/postgresql/game_repository.go:46.15,48.3 1 0
nexus-video-games/internal/repository/postgresql/game_repository.go:49.2,49.48 1 0
nexus-video-games/internal/repository/postgresql/game_repository.go:52.130,57.16 3 0
nexus-video-games/internal/repository/postgresql/game_repository.go:57.16,59.3 1 0
nexus-video-games/internal/repository/postgresql/game_repository.go:60.2,60.20 1 0
nexus-video-games/internal/repository/postgresql/game_repository.go:63.110,70.2 3 0
nexus-video-games/internal/repository/postgresql/game_repository.go:72.96,78.2 3 0
nexus-video-games/internal/repository/postgresql/game_repository.go:80.98,84.2 1 0
nexus-video-games/internal/repository/postgresql/session_repository.go:18.59,20.2 1 0
nexus-video-games/internal/repository/postgresql/session_repository.go:23.120,28.16 3 0
nexus-video-games/internal/repository/postgresql/session_repository.go:28.16,30.3 1 0
nexus-video-games/internal/repository/postgresql/session_repository.go:31.2,31.22 1 0
nexus-video-games/internal/repository/postgresql/session_repository.go:35.101,40.2 1 0
nexus-video-games/internal/repository/postgresql/session_repository.go:42.88,44.2 1 0
nexus-video-games/internal/repository/postgresql/topup_repository.go:16.55,18.2 1 0
nexus-video-games/internal/repository/postgresql/topup_repository.go:20.88,22.2 1 0
nexus-video-games/internal/repository/postgresql/topup_repository.go:24.111,27.16 3 0
nexus-video-games/internal/repository/postgresql/topup_repository.go:27.16,29.3 1 0
nexus-video-games/internal/repository/postgresql/topup_repository.go:30.2,30.20 1 0
nexus-video-games/internal/repository/postgresql/topup_repository.go:33.127,35.15 2 0
nexus-video-games/internal/repository/postgresql/topup_repository.go:35.15,37.3 1 0
nexus-video-games/internal/repository/postgresql/topup_repository.go:38.2,40.33 1 0
nexus-video-games/internal/repository/postgresql/topup_repository.go:43.105,50.2 3 0
nexus-video-games/internal/repository/postgresql/topup_repository.go:52.107,59.2 3 0
nexus-video-games/internal/repository/postgresql/user_repository.go:16.53,18.2 1 0
nexus-video-games/internal/repository/postgresql/user_repository.go:20.79,22.2 1 0
nexus-video-games/internal/repository/postgresql/user_repository.go:24.92,27.16 3 0
nexus-video-games/internal/repository/postgresql/user_repository.go:27.16,29.3 1 0
nexus-video-games/internal/repository/postgresql/user_repository.go:30.2,30.19 1 0
nexus-video-games/internal/repository/postgresql/user_repository.go:33.95,36.16 3 0
nexus-video-games/internal/repository/postgresql/user_repository.go:36.16,38.3 1 0
nexus-video-games/internal/repository/postgresql/user_repository.go:39.2,39.19 1 0
nexus-video-games/internal/repository/postgresql/user_repository.go:42.103,46.2 1 0
nexus-video-games/internal/repository/postgresql/user_repository.go:48.103,52.2 1 0
